<?xml version="1.0" encoding="utf-8"?>
<inMessage>
  <element name="ABrc" xpath="Transaction.Comdict.ABrc" type="0" />
  <element name="ATeller" xpath="Transaction.Comdict.ATeller" type="0" />
  <element name="ATellerFlag" xpath="Transaction.Comdict.ATellerFlag" type="0" />
  <element name="ATelName" xpath="Transaction.Comdict.ATelName" type="0" />
  <element name="AuthArea" xpath="Transaction.Comdict.AuthArea" type="0" />
  <element name="AuthArr" xpath="Transaction.Comdict.AuthArr" type="0" />
  <element name="AuthAttr" xpath="Transaction.Comdict.AuthAttr" type="0" />
  <element name="AuthCode" xpath="Transaction.Comdict.AuthCode" type="1" />
  <element name="AuthFlag" xpath="Transaction.Comdict.AuthFlag" type="0" />
  <element name="AuthMsg" xpath="Transaction.Comdict.AuthMsg" type="0" />
  <element name="AuthNoticeMsg" xpath="Transaction.Comdict.AuthNoticeMsg" type="0" />
  <element name="AuthRegFlag" xpath="Transaction.Comdict.AuthRegFlag" type="0" />
  <element name="AuthSeq" xpath="Transaction.Comdict.AuthSeq" type="1" />
  <element name="AuthWork" xpath="Transaction.Comdict.AuthWork" type="0" />
  <element name="BankCode" xpath="Transaction.Comdict.BankCode" type="0" />
  <element name="BoxFlag0" xpath="Transaction.Comdict.BoxFlag0" type="0" />
  <element name="BoxStat0" xpath="Transaction.Comdict.BoxStat0" type="0" />
  <element name="BoxTktFlag0" xpath="Transaction.Comdict.BoxTktFlag0" type="0" />
  <element name="Brc" xpath="Transaction.Comdict.Brc" type="0" />
  <element name="BrcAttr0" xpath="Transaction.Comdict.BrcAttr0" type="0" />
  <element name="BrcLvl0" xpath="Transaction.Comdict.BrcLvl0" type="1" />
  <element name="BrcName0" xpath="Transaction.Comdict.BrcName0" type="0" />
  <element name="BrcShName0" xpath="Transaction.Comdict.BrcShName0" type="0" />
  <element name="BrcState0" xpath="Transaction.Comdict.BrcState0" type="0" />
  <element name="BrcType0" xpath="Transaction.Comdict.BrcType0" type="0" />
  <element name="CashBoxNo0" xpath="Transaction.Comdict.CashBoxNo0" type="1" />
  <element name="CashList0" xpath="Transaction.Comdict.CashList0" type="0" />
  <element name="CDDM" xpath="Transaction.Comdict.CDDM" type="0" />
  <element name="CDMC" xpath="Transaction.Comdict.CDMC" type="0" />
  <element name="ChannelId" xpath="Transaction.Comdict.ChannelId" type="0" />
  <element name="CheckSerSeqNo" xpath="Transaction.Comdict.CheckSerSeqNo" type="0" />
  <element name="CPXH" xpath="Transaction.Comdict.CPXH" type="0" />
  <element name="FeeAcctNo1" xpath="Transaction.Comdict.FeeAcctNo1" type="0" />
  <element name="FeeAcctNo2" xpath="Transaction.Comdict.FeeAcctNo2" type="0" />
  <element name="FeeAcctNo3" xpath="Transaction.Comdict.FeeAcctNo3" type="0" />
  <element name="FeeAcctNo4" xpath="Transaction.Comdict.FeeAcctNo4" type="0" />
  <element name="FeeAcctNo5" xpath="Transaction.Comdict.FeeAcctNo5" type="0" />
  <element name="FeeAmt1" xpath="Transaction.Comdict.FeeAmt1" type="4" />
  <element name="FeeAmt2" xpath="Transaction.Comdict.FeeAmt2" type="4" />
  <element name="FeeAmt3" xpath="Transaction.Comdict.FeeAmt3" type="4" />
  <element name="FeeAmt4" xpath="Transaction.Comdict.FeeAmt4" type="4" />
  <element name="FeeAmt5" xpath="Transaction.Comdict.FeeAmt5" type="4" />
  <element name="FeeCashItemCode1" xpath="Transaction.Comdict.FeeCashItemCode1" type="0" />
  <element name="FeeCashItemCode2" xpath="Transaction.Comdict.FeeCashItemCode2" type="0" />
  <element name="FeeCashItemCode3" xpath="Transaction.Comdict.FeeCashItemCode3" type="0" />
  <element name="FeeCashItemCode4" xpath="Transaction.Comdict.FeeCashItemCode4" type="0" />
  <element name="FeeCashItemCode5" xpath="Transaction.Comdict.FeeCashItemCode5" type="0" />
  <element name="FeeCcy1" xpath="Transaction.Comdict.FeeCcy1" type="0" />
  <element name="FeeCcy2" xpath="Transaction.Comdict.FeeCcy2" type="0" />
  <element name="FeeCcy3" xpath="Transaction.Comdict.FeeCcy3" type="0" />
  <element name="FeeCcy4" xpath="Transaction.Comdict.FeeCcy4" type="0" />
  <element name="FeeCcy5" xpath="Transaction.Comdict.FeeCcy5" type="0" />
  <element name="FeeCode1" xpath="Transaction.Comdict.FeeCode1" type="0" />
  <element name="FeeCode2" xpath="Transaction.Comdict.FeeCode2" type="0" />
  <element name="FeeCode3" xpath="Transaction.Comdict.FeeCode3" type="0" />
  <element name="FeeCode4" xpath="Transaction.Comdict.FeeCode4" type="0" />
  <element name="FeeCode5" xpath="Transaction.Comdict.FeeCode5" type="0" />
  <element name="FeeDesc1" xpath="Transaction.Comdict.FeeDesc1" type="0" />
  <element name="FeeDesc2" xpath="Transaction.Comdict.FeeDesc2" type="0" />
  <element name="FeeDesc3" xpath="Transaction.Comdict.FeeDesc3" type="0" />
  <element name="FeeDesc4" xpath="Transaction.Comdict.FeeDesc4" type="0" />
  <element name="FeeDesc5" xpath="Transaction.Comdict.FeeDesc5" type="0" />
  <element name="FeeFlag" xpath="Transaction.Comdict.FeeFlag" type="0" />
  <element name="FeeModFlag1" xpath="Transaction.Comdict.FeeModFlag1" type="0" />
  <element name="FeeModFlag2" xpath="Transaction.Comdict.FeeModFlag2" type="0" />
  <element name="FeeModFlag3" xpath="Transaction.Comdict.FeeModFlag3" type="0" />
  <element name="FeeModFlag4" xpath="Transaction.Comdict.FeeModFlag4" type="0" />
  <element name="FeeModFlag5" xpath="Transaction.Comdict.FeeModFlag5" type="0" />
  <element name="FeePayAcctName1" xpath="Transaction.Comdict.FeePayAcctName1" type="0" />
  <element name="FeePayAcctName2" xpath="Transaction.Comdict.FeePayAcctName2" type="0" />
  <element name="FeePayAcctName3" xpath="Transaction.Comdict.FeePayAcctName3" type="0" />
  <element name="FeePayAcctName4" xpath="Transaction.Comdict.FeePayAcctName4" type="0" />
  <element name="FeePayAcctName5" xpath="Transaction.Comdict.FeePayAcctName5" type="0" />
  <element name="FeePayAcctNo1" xpath="Transaction.Comdict.FeePayAcctNo1" type="0" />
  <element name="FeePayAcctNo2" xpath="Transaction.Comdict.FeePayAcctNo2" type="0" />
  <element name="FeePayAcctNo3" xpath="Transaction.Comdict.FeePayAcctNo3" type="0" />
  <element name="FeePayAcctNo4" xpath="Transaction.Comdict.FeePayAcctNo4" type="0" />
  <element name="FeePayAcctNo5" xpath="Transaction.Comdict.FeePayAcctNo5" type="0" />
  <element name="FeePayName" xpath="Transaction.Comdict.FeePayName" type="0" />
  <element name="FeePaySrc1" xpath="Transaction.Comdict.FeePaySrc1" type="0" />
  <element name="FeePaySrc2" xpath="Transaction.Comdict.FeePaySrc2" type="0" />
  <element name="FeePaySrc3" xpath="Transaction.Comdict.FeePaySrc3" type="0" />
  <element name="FeePaySrc4" xpath="Transaction.Comdict.FeePaySrc4" type="0" />
  <element name="FeePaySrc5" xpath="Transaction.Comdict.FeePaySrc5" type="0" />
  <element name="FeePayTime1" xpath="Transaction.Comdict.FeePayTime1" type="0" />
  <element name="FeePayTime2" xpath="Transaction.Comdict.FeePayTime2" type="0" />
  <element name="FeePayTime3" xpath="Transaction.Comdict.FeePayTime3" type="0" />
  <element name="FeePayTime4" xpath="Transaction.Comdict.FeePayTime4" type="0" />
  <element name="FeePayTime5" xpath="Transaction.Comdict.FeePayTime5" type="0" />
  <element name="FeeRelAcctNo1" xpath="Transaction.Comdict.FeeRelAcctNo1" type="0" />
  <element name="FeeRelAcctNo2" xpath="Transaction.Comdict.FeeRelAcctNo2" type="0" />
  <element name="FeeRelAcctNo3" xpath="Transaction.Comdict.FeeRelAcctNo3" type="0" />
  <element name="FeeRelAcctNo4" xpath="Transaction.Comdict.FeeRelAcctNo4" type="0" />
  <element name="FeeRelAcctNo5" xpath="Transaction.Comdict.FeeRelAcctNo5" type="0" />
  <element name="FileFlag" xpath="Transaction.Comdict.FileFlag" type="0" />
  <element name="FileName" xpath="Transaction.Comdict.FileName" type="0" />
  <element name="FileName1" xpath="Transaction.Comdict.FileName1" type="0" />
  <element name="FileName2" xpath="Transaction.Comdict.FileName2" type="0" />
  <element name="FileName3" xpath="Transaction.Comdict.FileName3" type="0" />
  <element name="FrntNo" xpath="Transaction.Comdict.FrntNo" type="0" />
  <element name="FrontCtrlFlag" xpath="Transaction.Comdict.FrontCtrlFlag" type="0" />
  <element name="GET_CPXH" xpath="Transaction.Comdict.GET_CPXH" type="0" />
  <element name="HsmId" xpath="Transaction.Comdict.HsmId" type="0" />
  <element name="InqFormid" xpath="Transaction.Comdict.InqFormid" type="0" />
  <element name="IOFlag" xpath="Transaction.Comdict.IOFlag" type="0" />
  <element name="ReviewFlag" xpath="Transaction.Comdict.ReviewFlag" type="0" />
  <element name="ReviewNo" xpath="Transaction.Comdict.ReviewNo" type="1" />
  <element name="RspCode" xpath="Transaction.Comdict.RspCode" type="0" />
  <element name="RspMsg" xpath="Transaction.Comdict.RspMsg" type="0" />
  <element name="RTeller" xpath="Transaction.Comdict.RTeller" type="0" />
  <element name="RTelName" xpath="Transaction.Comdict.RTelName" type="0" />
  <element name="SerSeqNo" xpath="Transaction.Comdict.SerSeqNo" type="1" />
  <element name="Teller" xpath="Transaction.Comdict.Teller" type="0" />
  <element name="TellerFlag" xpath="Transaction.Comdict.TellerFlag" type="0" />
  <element name="TellerLvl0" xpath="Transaction.Comdict.TellerLvl0" type="1" />
  <element name="TellerName" xpath="Transaction.Comdict.TellerName" type="0" />
  <element name="TellerState0" xpath="Transaction.Comdict.TellerState0" type="0" />
  <element name="TellerType0" xpath="Transaction.Comdict.TellerType0" type="0" />
  <element name="TermDate" xpath="Transaction.Comdict.TermDate" type="3" />
  <element name="TermId" xpath="Transaction.Comdict.TermId" type="0" />
  <element name="TermSeq" xpath="Transaction.Comdict.TermSeq" type="0" />
  <element name="TermTime" xpath="Transaction.Comdict.TermTime" type="0" />
  <element name="TranDate" xpath="Transaction.Comdict.TranDate" type="3" />
  <element name="TranIdxCode" xpath="Transaction.Comdict.TranIdxCode" type="0" />
  <element name="TranName" xpath="Transaction.Comdict.TranName" type="0" />
  <element name="TranTime" xpath="Transaction.Comdict.TranTime" type="0" />
  <element name="VouBoxNo0" xpath="Transaction.Comdict.VouBoxNo0" type="1" />
  <element name="VouList0" xpath="Transaction.Comdict.VouList0" type="0" />
  <element name="AgreeCode" xpath="Transaction.Txndict.AgreeCode" type="0" />
  <element name="ApplyDate" xpath="Transaction.Txndict.ApplyDate" type="3" />
  <element name="AuthFile" xpath="Transaction.Txndict.AuthFile" type="0" />
  <element name="BatchNo" xpath="Transaction.Txndict.BatchNo" type="0" />
  <element name="CustomName" xpath="Transaction.Txndict.CustomName" type="0" />
  <element name="MemoCode" xpath="Transaction.Txndict.MemoCode" type="0" />
  <element name="ProcStatus" xpath="Transaction.Txndict.ProcStatus" type="0" />
  <element name="TotalAmt" xpath="Transaction.Txndict.TotalAmt" type="4" />
  <element name="TotalNum" xpath="Transaction.Txndict.TotalNum" type="1" />
</inMessage>